[RegisterController] Received at 4.08.2025 12:17:49: FirstName=, LastName=, Email=, UserName=, Password=, ConfirmPassword=, ProfileImageFile=null
[RegisterController] ModelState Errors at 4.08.2025 12:17:49: The Email field is required., Email is required., The LastName field is required., Last name is required., The Password field is required., Password is required., The UserName field is required., UserName is required., The FirstName field is required., First name is required., The ConfirmPassword field is required., Confirm Password is required.
[RegisterController] Received at 4.08.2025 12:38:56: FirstName=, LastName=, Email=, UserName=, Password=, ConfirmPassword=, ProfileImageFile=null
[RegisterController] ModelState Errors at 4.08.2025 12:38:56: The Email field is required., Email is required., The LastName field is required., Last name is required., The Password field is required., Password is required., The UserName field is required., UserName is required., The FirstName field is required., First name is required., The ConfirmPassword field is required., Confirm Password is required.
[RegisterController] Received at 4.08.2025 12:44:13: FirstName=, LastName=, Email=, UserName=, Password=, ConfirmPassword=, ProfileImageFile=null
[RegisterController] ModelState Errors at 4.08.2025 12:44:13: The Email field is required., Email is required., The LastName field is required., Last name is required., The Password field is required., Password is required., The UserName field is required., UserName is required., The FirstName field is required., First name is required., The ConfirmPassword field is required., Confirm Password is required.
[AuthApiService] RegisterAsync called at 4.08.2025 14:25:28 with: Email=dilancelik@gmail.com, UserName=dilancelik, FirstName=Dilan, LastName=Çelik, Password=Password76123!, ConfirmPassword=Password76123!, ProfileImageFile=team3.png
[AuthApiService] RegisterAsync called at 5.08.2025 00:02:01 with: Email=deneme@gmail.com, UserName=denemeuser, FirstName=Deneme, LastName=LastDeneme, Password=Password9999!, ConfirmPassword=Password9999!, ProfileImageFile=team1.png
[AuthApiService] RegisterAsync called at 5.08.2025 12:15:53 with: Email=deneme.13@gmail.com, UserName=denemetesti, FirstName=deneme, LastName=test, Password=Password3333!, ConfirmPassword=Password3333!, ProfileImageFile=team4.png
[AuthApiService] RegisterAsync called at 5.08.2025 14:03:02 with: Email=fejnfejfnej@gmail.com, UserName=testdenemetesti, FirstName=denemetestvar, LastName=feknfenfe, Password=Password245689!, ConfirmPassword=Password245689!, ProfileImageFile=team1.png
[AuthApiService] RegisterAsync called at 5.08.2025 14:49:37 with: Email=rubaradsiz.15@gmail.com, UserName=rubaradsiz, FirstName=rubar, LastName=Adsız, Password=Password767676!, ConfirmPassword=Password767676!, ProfileImageFile=team3.png
[AuthApiService] RegisterAsync called at 5.08.2025 15:05:27 with: Email=deneme.10@gmail.com, UserName=denemedeneme, FirstName=denemetestyap, LastName=denemetesii, Password=Password178239!, ConfirmPassword=Password178239!, ProfileImageFile=biyometrik-er.jpg
[AuthApiService] RegisterAsync called at 5.08.2025 17:27:43 with: Email=cnejnejnf.ekfeke@gmail.com, UserName=jqnkqnjnqjn, FirstName=testetme , LastName=mfemfkemfek, Password=Password175423!, ConfirmPassword=Password175423!, ProfileImageFile=team2.png
[AuthApiService] RegisterAsync called at 8.08.2025 22:52:15 with: Email=mertcanadsiz.dev@gmail.com, UserName=mertcanadsiz, FirstName=Mertcan, LastName=Adsız, Password=Mda12345!, ConfirmPassword=Mda12345!, ProfileImageFile=biyometrik-er.jpg
[AuthApiService] RegisterAsync called at 8.08.2025 23:43:03 with: Email=mertcanadsiz.dev@gmail.com, UserName=mertcanadsiz, FirstName=Mertcan, LastName=Adsız, Password=Mda12345!, ConfirmPassword=Mda12345!, ProfileImageFile=biyometrik-er.jpg
[AuthApiService] Register failed at 8.08.2025 23:43:04: {"message":"Sunucu hatası","detail":"Kayıt sırasında hata oluştu: Username 'mertcanadsiz' is already taken."}
[AuthApiService] RegisterAsync called at 8.08.2025 23:53:26 with: Email=rubaradsiz.76@gmail.com, UserName=rubaradsiz, FirstName=Rubar, LastName=Adsız, Password=Password190710!, ConfirmPassword=Password190710!, ProfileImageFile=team3.png
[AuthApiService] RegisterAsync called at 9.08.2025 00:46:48 with: Email=ayse.demir@example.com, UserName=aysedemirr, FirstName=Ayşe, LastName=Demir, Password=Password13579!, ConfirmPassword=Password13579!, ProfileImageFile=team5.png
[AuthApiService] RegisterAsync called at 9.08.2025 00:49:40 with: Email=zeynep.dogan@example.com, UserName=zeynep_dogan, FirstName=Zeynep, LastName=Doğan, Password=Password789!, ConfirmPassword=Password789!, ProfileImageFile=team2.png
[AuthApiService] RegisterAsync called at 9.08.2025 00:52:33 with: Email=mucahitduran.5@gmail.com, UserName=mehmetmucahitdurann, FirstName=Mücahit, LastName=Duran, Password=Password101112!, ConfirmPassword=Password101112!, ProfileImageFile=team4.png
[AuthApiService] RegisterAsync called at 9.08.2025 20:41:44 with: Email=dilancelik.76@gmail.com, UserName=dilancelik, FirstName=Dilan, LastName=Çelik, Password=Password76123!, ConfirmPassword=Password76123!, ProfileImageFile=author2.png
[AuthApiService] RegisterAsync called at 10.08.2025 23:24:56 with: Email=siracdemir.4@gmail.com, UserName=sıracdemir, FirstName=Sıraç, LastName=Demir, Password=Password41596!, ConfirmPassword=Password41596!, ProfileImageFile=comment_3.png
[AuthApiService] Register failed at 10.08.2025 23:24:57: {"message":"Sunucu hatası","detail":"Kayıt sırasında hata oluştu: Username 'sıracdemir' is invalid, can only contain letters or digits."}
